2025-04-16 02:13:33,981 - DEBUG - Initializing page: Prepsheets
2025-04-16 02:13:33,988 - DEBUG - Page Prepsheets initialized successfully.
2025-04-16 02:19:27,218 - DEBUG - Initializing page: Prepsheets
2025-04-16 02:19:27,223 - DEBUG - Page Prepsheets initialized successfully.
2025-04-16 02:22:16,216 - DEBUG - Initializing page: Prepsheets
2025-04-16 02:22:16,221 - DEBUG - Page Prepsheets initialized successfully.
2025-04-16 02:23:54,913 - DEBUG - Initializing page: Prepsheets
2025-04-16 02:23:54,925 - DEBUG - Page Prepsheets initialized successfully.
2025-04-16 02:26:55,483 - DEBUG - Initializing page: Process Data
2025-04-16 02:26:55,489 - DEBUG - Page Process Data initialized successfully.
2025-04-16 02:26:55,923 - DEBUG - Initializing page: Prepsheets
2025-04-16 02:26:55,933 - DEBUG - Page Prepsheets initialized successfully.
2025-04-16 23:39:24,342 - DEBUG - Initializing page: Sample Login
2025-04-16 23:39:25,527 - INFO - Loaded CoC folders: ['Select a Survey Type', 'Air Samples - IH', 'Air Samples - MET', 'Air Samples - RAD', 'Air Samples - TSP', 'Final Status Survey', 'Groundwater', 'LAB', 'Surface Wipe Filters', 'Waste for Disposition', 'Wastewater']
2025-04-16 23:39:26,989 - DEBUG - Page Sample Login initialized successfully.
2025-04-16 23:39:33,000 - DEBUG - Initializing page: Batching
2025-04-16 23:39:33,004 - DEBUG - Page Batching initialized successfully.
2025-04-16 23:41:03,654 - DEBUG - Initializing page: Sample Login
2025-04-16 23:41:04,902 - INFO - Loaded CoC folders: ['Select a Survey Type', 'Air Samples - IH', 'Air Samples - MET', 'Air Samples - RAD', 'Air Samples - TSP', 'Final Status Survey', 'Groundwater', 'LAB', 'Surface Wipe Filters', 'Waste for Disposition', 'Wastewater']
2025-04-16 23:41:06,389 - DEBUG - Page Sample Login initialized successfully.
